2025-12-25 12:09:29,677 - aqt.main - INFO - installer 18648 aqtinstall(aqt) v3.3.0 on Python 3.13.7 [CPython MSC v.1944 64 bit (AMD64)]
2025-12-25 12:09:29,677 - aqt.helper - DEBUG - helper 18648 Attempt to download checksum at https://download.qt.io/online/qtsdkrepository/windows_x86/desktop/qt6_672/Updates.xml.sha256
2025-12-25 12:09:33,589 - aqt.helper - DEBUG - helper 9728 Attempt to download checksum at https://download.qt.io/online/qtsdkrepository/windows_x86/desktop/qt6_672/qt.qt6.672.win64_mingw/6.7.2-0-202406110335qtsvg-Windows-Windows_10_22H2-Mingw-Windows-Windows_10_22H2-X86_64.7z.sha256

2025-12-25 12:09:33,596 - aqt.helper - DEBUG - helper 2164 Attempt to download checksum at https://download.qt.io/online/qtsdkrepository/windows_x86/desktop/qt6_672/qt.qt6.672.win64_mingw/6.7.2-0-202406110335qtdeclarative-Windows-Windows_10_22H2-Mingw-Windows-Windows_10_22H2-X86_64.7z.sha256
2025-12-25 12:09:33,613 - aqt.helper - DEBUG - helper 13868 Attempt to download checksum at https://download.qt.io/online/qtsdkrepository/windows_x86/desktop/qt6_672/qt.qt6.672.win64_mingw/6.7.2-0-202406110335qttools-Windows-Windows_10_22H2-Mingw-Windows-Windows_10_22H2-X86_64.7z.sha256
2025-12-25 12:09:35,169 - aqt.helper - INFO - helper 15132 Downloading qtbase...
2025-12-25 12:09:35,169 - aqt.helper - INFO - helper 13868 Downloading qttools...
...
2025-12-25 12:09:35,169 - aqt.helper - INFO - helper 9728 Downloading qtsvg...
2025-12-25 12:09:35,170 - aqt.installer - DEBUG - installer 2164 Download URL: https://download.qt.io/online/qtsdkrepository/windows_x86/desktop/qt6_672/qt.qt6.672.win64_mingw/6.7.2-0-202406110335qtdeclarative-Windows-Windows_10_22H2-Mingw-Windows-Windows_10_22H2-X86_64.7z
2025-12-25 12:09:35,170 - aqt.installer - DEBUG - installer 15132 Download URL: https://download.qt.io/online/qtsdkrepository/windows_x86/desktop/qt6_672/qt.qt6.672.win64_mingw/6.7.2-0-202406110335qtbase-Windows-Windows_10_22H2-Mingw-Windows-Windows_10_22H2-X86_64.7z
2025-12-25 12:09:35,170 - aqt.installer - DEBUG - installer 9728 Download URL: https://download.qt.io/online/qtsdkrepository/windows_x86/desktop/qt6_672/qt.qt6.672.win64_mingw/6.7.2-0-202406110335qtsvg-Windows-Windows_10_22H2-Mingw-Windows-Windows_10_22H2-X86_64.7z
2025-12-25 12:09:35,170 - aqt.installer - DEBUG - installer 13868 Download URL: https://download.qt.io/online/qtsdkrepository/windows_x86/desktop/qt6_672/qt.qt6.672.win64_mingw/6.7.2-0-202406110335qttools-Windows-Windows_10_22H2-Mingw-Windows-Windows_10_22H2-X86_64.7z
2025-12-25 12:09:36,663 - aqt.helper - DEBUG - helper 2164 Asked to redirect(302) to: https://mirror.ossplanet.net/qtproject/online/qtsdkrepository/windows_x86/desktop/qt6_672/qt.qt6.672.win64_mingw/6.7.2-0-202406110335qtdeclarative-Windows-Windows_10_22H2-Mingw-Windows-Windows_10_22H2-X86_64.7z
2025-12-25 12:09:36,663 - aqt.helper - INFO - helper 2164 Redirected: mirror.ossplanet.net
2025-12-25 12:09:36,665 - aqt.helper - DEBUG - helper 13868 Asked to redirect(302) to: https://mirror.ossplanet.net/qtproject/online/qtsdkrepository/windows_x86/desktop/qt6_672/qt.qt6.672.win64_mingw/6.7.2-0-202406110335qttools-Windows-Windows_10_22H2-Mingw-Windows-Windows_10_22H2-X86_64.7z
2025-12-25 12:09:36,665 - aqt.helper - DEBUG - helper 15132 Asked to redirect(302) to: https://mirror.ossplanet.net/qtproject/online/qtsdkrepository/windows_x86/desktop/qt6_672/qt.qt6.672.win64_mingw/6.7.2-0-202406110335qtbase-Windows-Windows_10_22H2-Mingw-Windows-Windows_10_22H2-X86_64.7z
2025-12-25 12:09:36,665 - aqt.helper - DEBUG - helper 9728 Asked to redirect(302) to: https://mirror.ossplanet.net/qtproject/online/qtsdkrepository/windows_x86/desktop/qt6_672/qt.qt6.672.win64_mingw/6.7.2-0-202406110335qtsvg-Windows-Windows_10_22H2-Mingw-Windows-Windows_10_22H2-X86_64.7z
2025-12-25 12:09:36,665 - aqt.helper - INFO - helper 13868 Redirected: mirror.ossplanet.net
2025-12-25 12:09:36,665 - aqt.helper - INFO - helper 15132 Redirected: mirror.ossplanet.net
2025-12-25 12:09:36,665 - aqt.helper - INFO - helper 9728 Redirected: mirror.ossplanet.net
2025-12-25 12:09:39,059 - aqt.installer - INFO - installer 9728 Finished installation of qtsvg-Windows-Windows_10_22H2-Mingw-Windows-Windows_10_22H2-X86_64.7z in 5.47688660
2025-12-25 12:09:39,074 - aqt.helper - DEBUG - helper 9728 Attempt to download checksum at https://download.qt.io/online/qtsdkrepository/windows_x86/desktop/qt6_672/qt.qt6.672.win64_mingw/6.7.2-0-202406110335qttranslations-Windows-Windows_10_22H2-Mingw-Windows-Windows_10_22H2-X86_64.7z.sha256
2025-12-25 12:09:45,343 - aqt.helper - INFO - helper 9728 Downloading qttranslations...
2025-12-25 12:09:45,344 - aqt.installer - DEBUG - installer 9728 Download URL: https://download.qt.io/online/qtsdkrepository/windows_x86/desktop/qt6_672/qt.qt6.672.win64_mingw/6.7.2-0-202406110335qttranslations-Windows-Windows_10_22H2-Mingw-Windows-Windows_10_22H2-X86_64.7z
2025-12-25 12:09:47,133 - aqt.helper - DEBUG - helper 9728 Asked to redirect(302) to: https://mirror.ossplanet.net/qtproject/online/qtsdkrepository/windows_x86/desktop/qt6_672/qt.qt6.672.win64_mingw/6.7.2-0-202406110335qttranslations-Windows-Windows_10_22H2-Mingw-Windows-Windows_10_22H2-X86_64.7z
2025-12-25 12:09:47,133 - aqt.helper - INFO - helper 9728 Redirected: mirror.ossplanet.net
2025-12-25 12:09:49,990 - aqt.installer - INFO - installer 15132 Finished installation of qtbase-Windows-Windows_10_22H2-Mingw-Windows-Windows_10_22H2-X86_64.7z in 16.40827840
2025-12-25 12:09:50,015 - aqt.helper - DEBUG - helper 15132 Attempt to download checksum at https://download.qt.io/online/qtsdkrepository/windows_x86/desktop/qt6_672/qt.qt6.672.win64_mingw/6.7.2-0-202406110335MinGW-w64-x86_64-11.2.0-release-posix-seh-rt_v9-rev1-runtime.7z.sha256
2025-12-25 12:09:51,386 - aqt.installer - INFO - installer 9728 Finished installation of qttranslations-Windows-Windows_10_22H2-Mingw-Windows-Windows_10_22H2-X86_64.7z in 12.31502110
2025-12-25 12:09:51,483 - aqt.helper - DEBUG - helper 9728 Attempt to download checksum at https://download.qt.io/online/qtsdkrepository/windows_x86/desktop/qt6_672/qt.qt6.672.win64_mingw/6.7.2-0-202406110335d3dcompiler_47-x64.7z.sha256
2025-12-25 12:09:51,649 - aqt.helper - INFO - helper 15132 Downloading MinGW...
2025-12-25 12:09:51,650 - aqt.installer - DEBUG - installer 15132 Download URL: https://download.qt.io/online/qtsdkrepository/windows_x86/desktop/qt6_672/qt.qt6.672.win64_mingw/6.7.2-0-202406110335MinGW-w64-x86_64-11.2.0-release-posix-seh-rt_v9-rev1-runtime.7z
2025-12-25 12:09:53,384 - aqt.helper - DEBUG - helper 15132 Asked to redirect(302) to: https://mirror.ossplanet.net/qtproject/online/qtsdkrepository/windows_x86/desktop/qt6_672/qt.qt6.672.win64_mingw/6.7.2-0-202406110335MinGW-w64-x86_64-11.2.0-release-posix-seh-rt_v9-rev1-runtime.7z
2025-12-25 12:09:53,384 - aqt.helper - INFO - helper 15132 Redirected: mirror.ossplanet.net
2025-12-25 12:09:53,386 - aqt.helper - INFO - helper 9728 Downloading d3dcompiler_47...
2025-12-25 12:09:53,386 - aqt.installer - DEBUG - installer 9728 Download URL: https://download.qt.io/online/qtsdkrepository/windows_x86/desktop/qt6_672/qt.qt6.672.win64_mingw/6.7.2-0-202406110335d3dcompiler_47-x64.7z
2025-12-25 12:09:54,955 - aqt.helper - DEBUG - helper 9728 Asked to redirect(302) to: https://mirror.ossplanet.net/qtproject/online/qtsdkrepository/windows_x86/desktop/qt6_672/qt.qt6.672.win64_mingw/6.7.2-0-202406110335d3dcompiler_47-x64.7z
2025-12-25 12:09:54,955 - aqt.helper - INFO - helper 9728 Redirected: mirror.ossplanet.net
2025-12-25 12:09:55,602 - aqt.installer - INFO - installer 13868 Finished installation of qttools-Windows-Windows_10_22H2-Mingw-Windows-Windows_10_22H2-X86_64.7z in 21.99303250
2025-12-25 12:09:55,625 - aqt.helper - DEBUG - helper 13868 Attempt to download checksum at https://download.qt.io/online/qtsdkrepository/windows_x86/desktop/qt6_672/qt.qt6.672.win64_mingw/6.7.2-0-202406110335opengl32sw-64-mesa_11_2_2-signed_sha256.7z.sha256
2025-12-25 12:09:57,097 - aqt.helper - INFO - helper 13868 Downloading opengl32sw...
2025-12-25 12:09:57,097 - aqt.installer - DEBUG - installer 13868 Download URL: https://download.qt.io/online/qtsdkrepository/windows_x86/desktop/qt6_672/qt.qt6.672.win64_mingw/6.7.2-0-202406110335opengl32sw-64-mesa_11_2_2-signed_sha256.7z
2025-12-25 12:09:57,103 - aqt.installer - INFO - installer 15132 Finished installation of MinGW-w64-x86_64-11.2.0-release-posix-seh-rt_v9-rev1-runtime.7z in 7.09233580
2025-12-25 12:09:58,490 - aqt.helper - DEBUG - helper 13868 Asked to redirect(302) to: https://mirror.ossplanet.net/qtproject/online/qtsdkrepository/windows_x86/desktop/qt6_672/qt.qt6.672.win64_mingw/6.7.2-0-202406110335opengl32sw-64-mesa_11_2_2-signed_sha256.7z
2025-12-25 12:09:58,490 - aqt.helper - INFO - helper 13868 Redirected: mirror.ossplanet.net
2025-12-25 12:09:58,558 - aqt.installer - INFO - installer 9728 Finished installation of d3dcompiler_47-x64.7z in 7.08046310
2025-12-25 12:10:05,475 - aqt.installer - INFO - installer 13868 Finished installation of opengl32sw-64-mesa_11_2_2-signed_sha256.7z in 9.85312130
2025-12-25 12:10:05,923 - aqt.installer - INFO - installer 2164 Finished installation of qtdeclarative-Windows-Windows_10_22H2-Mingw-Windows-Windows_10_22H2-X86_64.7z in 32.33299030
2025-12-25 12:10:06,631 - aqt.updater - INFO - updater 18648 Patching 6.7.2\mingw_64\bin\qmake.exe
2025-12-25 12:10:06,639 - aqt.updater - INFO - updater 18648 Patching 6.7.2\mingw_64\lib\pkgconfig\Qt6Concurrent.pc
2025-12-25 12:10:06,649 - aqt.updater - INFO - updater 18648 Patching 6.7.2\mingw_64\lib\pkgconfig\Qt6Core.pc
2025-12-25 12:10:06,662 - aqt.updater - INFO - updater 18648 Patching 6.7.2\mingw_64\lib\pkgconfig\Qt6DBus.pc
2025-12-25 12:10:06,674 - aqt.updater - INFO - updater 18648 Patching 6.7.2\mingw_64\lib\pkgconfig\Qt6Designer.pc
2025-12-25 12:10:06,687 - aqt.updater - INFO - updater 18648 Patching 6.7.2\mingw_64\lib\pkgconfig\Qt6Gui.pc
2025-12-25 12:10:06,698 - aqt.updater - INFO - updater 18648 Patching 6.7.2\mingw_64\lib\pkgconfig\Qt6Help.pc
2025-12-25 12:10:06,709 - aqt.updater - INFO - updater 18648 Patching 6.7.2\mingw_64\lib\pkgconfig\Qt6LabsAnimation.pc
2025-12-25 12:10:06,722 - aqt.updater - INFO - updater 18648 Patching 6.7.2\mingw_64\lib\pkgconfig\Qt6LabsFolderListModel.pc
2025-12-25 12:10:06,734 - aqt.updater - INFO - updater 18648 Patching 6.7.2\mingw_64\lib\pkgconfig\Qt6LabsQmlModels.pc
2025-12-25 12:10:06,746 - aqt.updater - INFO - updater 18648 Patching 6.7.2\mingw_64\lib\pkgconfig\Qt6LabsSettings.pc
2025-12-25 12:10:06,758 - aqt.updater - INFO - updater 18648 Patching 6.7.2\mingw_64\lib\pkgconfig\Qt6LabsSharedImage.pc
2025-12-25 12:10:06,770 - aqt.updater - INFO - updater 18648 Patching 6.7.2\mingw_64\lib\pkgconfig\Qt6LabsWavefrontMesh.pc
2025-12-25 12:10:06,781 - aqt.updater - INFO - updater 18648 Patching 6.7.2\mingw_64\lib\pkgconfig\Qt6Linguist.pc
2025-12-25 12:10:06,792 - aqt.updater - INFO - updater 18648 Patching 6.7.2\mingw_64\lib\pkgconfig\Qt6Network.pc
2025-12-25 12:10:06,801 - aqt.updater - INFO - updater 18648 Patching 6.7.2\mingw_64\lib\pkgconfig\Qt6OpenGL.pc
2025-12-25 12:10:06,811 - aqt.updater - INFO - updater 18648 Patching 6.7.2\mingw_64\lib\pkgconfig\Qt6OpenGLWidgets.pc
2025-12-25 12:10:06,822 - aqt.updater - INFO - updater 18648 Patching 6.7.2\mingw_64\lib\pkgconfig\Qt6Platform.pc
2025-12-25 12:10:06,831 - aqt.updater - INFO - updater 18648 Patching 6.7.2\mingw_64\lib\pkgconfig\Qt6PrintSupport.pc
2025-12-25 12:10:06,841 - aqt.updater - INFO - updater 18648 Patching 6.7.2\mingw_64\lib\pkgconfig\Qt6Qml.pc
2025-12-25 12:10:06,850 - aqt.updater - INFO - updater 18648 Patching 6.7.2\mingw_64\lib\pkgconfig\Qt6QmlBuiltins.pc
2025-12-25 12:10:06,861 - aqt.updater - INFO - updater 18648 Patching 6.7.2\mingw_64\lib\pkgconfig\Qt6QmlCompiler.pc
2025-12-25 12:10:06,872 - aqt.updater - INFO - updater 18648 Patching 6.7.2\mingw_64\lib\pkgconfig\Qt6QmlCore.pc
2025-12-25 12:10:06,882 - aqt.updater - INFO - updater 18648 Patching 6.7.2\mingw_64\lib\pkgconfig\Qt6QmlIntegration.pc
2025-12-25 12:10:06,892 - aqt.updater - INFO - updater 18648 Patching 6.7.2\mingw_64\lib\pkgconfig\Qt6QmlLocalStorage.pc
2025-12-25 12:10:06,903 - aqt.updater - INFO - updater 18648 Patching 6.7.2\mingw_64\lib\pkgconfig\Qt6QmlModels.pc
2025-12-25 12:10:06,912 - aqt.updater - INFO - updater 18648 Patching 6.7.2\mingw_64\lib\pkgconfig\Qt6QmlNetwork.pc
2025-12-25 12:10:06,923 - aqt.updater - INFO - updater 18648 Patching 6.7.2\mingw_64\lib\pkgconfig\Qt6QmlWorkerScript.pc
2025-12-25 12:10:06,932 - aqt.updater - INFO - updater 18648 Patching 6.7.2\mingw_64\lib\pkgconfig\Qt6QmlXmlListModel.pc
2025-12-25 12:10:06,943 - aqt.updater - INFO - updater 18648 Patching 6.7.2\mingw_64\lib\pkgconfig\Qt6Quick.pc
2025-12-25 12:10:06,955 - aqt.updater - INFO - updater 18648 Patching 6.7.2\mingw_64\lib\pkgconfig\Qt6QuickControls2.pc
2025-12-25 12:10:06,967 - aqt.updater - INFO - updater 18648 Patching 6.7.2\mingw_64\lib\pkgconfig\Qt6QuickControls2Basic.pc
2025-12-25 12:10:06,979 - aqt.updater - INFO - updater 18648 Patching 6.7.2\mingw_64\lib\pkgconfig\Qt6QuickControls2BasicStyleImpl.pc
2025-12-25 12:10:06,991 - aqt.updater - INFO - updater 18648 Patching 6.7.2\mingw_64\lib\pkgconfig\Qt6QuickControls2Fusion.pc
2025-12-25 12:10:07,006 - aqt.updater - INFO - updater 18648 Patching 6.7.2\mingw_64\lib\pkgconfig\Qt6QuickControls2FusionStyleImpl.pc
2025-12-25 12:10:07,020 - aqt.updater - INFO - updater 18648 Patching 6.7.2\mingw_64\lib\pkgconfig\Qt6QuickControls2Imagine.pc
2025-12-25 12:10:07,032 - aqt.updater - INFO - updater 18648 Patching 6.7.2\mingw_64\lib\pkgconfig\Qt6QuickControls2ImagineStyleImpl.pc
2025-12-25 12:10:07,045 - aqt.updater - INFO - updater 18648 Patching 6.7.2\mingw_64\lib\pkgconfig\Qt6QuickControls2Impl.pc
2025-12-25 12:10:07,060 - aqt.updater - INFO - updater 18648 Patching 6.7.2\mingw_64\lib\pkgconfig\Qt6QuickControls2Material.pc
2025-12-25 12:10:07,072 - aqt.updater - INFO - updater 18648 Patching 6.7.2\mingw_64\lib\pkgconfig\Qt6QuickControls2MaterialStyleImpl.pc
2025-12-25 12:10:07,081 - aqt.updater - INFO - updater 18648 Patching 6.7.2\mingw_64\lib\pkgconfig\Qt6QuickControls2Universal.pc
2025-12-25 12:10:07,094 - aqt.updater - INFO - updater 18648 Patching 6.7.2\mingw_64\lib\pkgconfig\Qt6QuickControls2UniversalStyleImpl.pc
2025-12-25 12:10:07,105 - aqt.updater - INFO - updater 18648 Patching 6.7.2\mingw_64\lib\pkgconfig\Qt6QuickControls2WindowsStyleImpl.pc
2025-12-25 12:10:07,117 - aqt.updater - INFO - updater 18648 Patching 6.7.2\mingw_64\lib\pkgconfig\Qt6QuickDialogs2.pc
2025-12-25 12:10:07,129 - aqt.updater - INFO - updater 18648 Patching 6.7.2\mingw_64\lib\pkgconfig\Qt6QuickDialogs2QuickImpl.pc
2025-12-25 12:10:07,143 - aqt.updater - INFO - updater 18648 Patching 6.7.2\mingw_64\lib\pkgconfig\Qt6QuickDialogs2Utils.pc
2025-12-25 12:10:07,157 - aqt.updater - INFO - updater 18648 Patching 6.7.2\mingw_64\lib\pkgconfig\Qt6QuickLayouts.pc
2025-12-25 12:10:07,171 - aqt.updater - INFO - updater 18648 Patching 6.7.2\mingw_64\lib\pkgconfig\Qt6QuickTemplates2.pc
2025-12-25 12:10:07,183 - aqt.updater - INFO - updater 18648 Patching 6.7.2\mingw_64\lib\pkgconfig\Qt6QuickTest.pc
2025-12-25 12:10:07,195 - aqt.updater - INFO - updater 18648 Patching 6.7.2\mingw_64\lib\pkgconfig\Qt6QuickWidgets.pc
2025-12-25 12:10:07,207 - aqt.updater - INFO - updater 18648 Patching 6.7.2\mingw_64\lib\pkgconfig\Qt6Sql.pc
2025-12-25 12:10:07,220 - aqt.updater - INFO - updater 18648 Patching 6.7.2\mingw_64\lib\pkgconfig\Qt6Svg.pc
2025-12-25 12:10:07,233 - aqt.updater - INFO - updater 18648 Patching 6.7.2\mingw_64\lib\pkgconfig\Qt6SvgWidgets.pc
2025-12-25 12:10:07,246 - aqt.updater - INFO - updater 18648 Patching 6.7.2\mingw_64\lib\pkgconfig\Qt6Test.pc
2025-12-25 12:10:07,258 - aqt.updater - INFO - updater 18648 Patching 6.7.2\mingw_64\lib\pkgconfig\Qt6UiPlugin.pc
2025-12-25 12:10:07,272 - aqt.updater - INFO - updater 18648 Patching 6.7.2\mingw_64\lib\pkgconfig\Qt6UiTools.pc
2025-12-25 12:10:07,283 - aqt.updater - INFO - updater 18648 Patching 6.7.2\mingw_64\lib\pkgconfig\Qt6Widgets.pc
2025-12-25 12:10:07,293 - aqt.updater - INFO - updater 18648 Patching 6.7.2\mingw_64\lib\pkgconfig\Qt6Xml.pc
2025-12-25 12:10:07,303 - aqt.updater - INFO - updater 18648 Patching 6.7.2\mingw_64\lib\Qt6Concurrent.prl
2025-12-25 12:10:07,313 - aqt.updater - INFO - updater 18648 Patching 6.7.2\mingw_64\lib\Qt6Core.prl
2025-12-25 12:10:07,324 - aqt.updater - INFO - updater 18648 Patching 6.7.2\mingw_64\lib\Qt6DBus.prl
2025-12-25 12:10:07,332 - aqt.updater - INFO - updater 18648 Patching 6.7.2\mingw_64\lib\Qt6Designer.prl
2025-12-25 12:10:07,343 - aqt.updater - INFO - updater 18648 Patching 6.7.2\mingw_64\lib\Qt6DesignerComponents.prl
2025-12-25 12:10:07,351 - aqt.updater - INFO - updater 18648 Patching 6.7.2\mingw_64\lib\Qt6DeviceDiscoverySupport.prl
2025-12-25 12:10:07,362 - aqt.updater - INFO - updater 18648 Patching 6.7.2\mingw_64\lib\Qt6EntryPoint.prl
2025-12-25 12:10:07,373 - aqt.updater - INFO - updater 18648 Patching 6.7.2\mingw_64\lib\Qt6ExampleIcons.prl
2025-12-25 12:10:07,382 - aqt.updater - INFO - updater 18648 Patching 6.7.2\mingw_64\lib\Qt6FbSupport.prl
2025-12-25 12:10:07,392 - aqt.updater - INFO - updater 18648 Patching 6.7.2\mingw_64\lib\Qt6Gui.prl
2025-12-25 12:10:07,404 - aqt.updater - INFO - updater 18648 Patching 6.7.2\mingw_64\lib\Qt6Help.prl
2025-12-25 12:10:07,414 - aqt.updater - INFO - updater 18648 Patching 6.7.2\mingw_64\lib\Qt6LabsAnimation.prl
2025-12-25 12:10:07,425 - aqt.updater - INFO - updater 18648 Patching 6.7.2\mingw_64\lib\Qt6LabsFolderListModel.prl
2025-12-25 12:10:07,437 - aqt.updater - INFO - updater 18648 Patching 6.7.2\mingw_64\lib\Qt6LabsQmlModels.prl
2025-12-25 12:10:07,446 - aqt.updater - INFO - updater 18648 Patching 6.7.2\mingw_64\lib\Qt6LabsSettings.prl
2025-12-25 12:10:07,457 - aqt.updater - INFO - updater 18648 Patching 6.7.2\mingw_64\lib\Qt6LabsSharedImage.prl
2025-12-25 12:10:07,465 - aqt.updater - INFO - updater 18648 Patching 6.7.2\mingw_64\lib\Qt6LabsWavefrontMesh.prl
2025-12-25 12:10:07,475 - aqt.updater - INFO - updater 18648 Patching 6.7.2\mingw_64\lib\Qt6Network.prl
2025-12-25 12:10:07,487 - aqt.updater - INFO - updater 18648 Patching 6.7.2\mingw_64\lib\Qt6OpenGL.prl
2025-12-25 12:10:07,495 - aqt.updater - INFO - updater 18648 Patching 6.7.2\mingw_64\lib\Qt6OpenGLWidgets.prl
2025-12-25 12:10:07,506 - aqt.updater - INFO - updater 18648 Patching 6.7.2\mingw_64\lib\Qt6PacketProtocol.prl
2025-12-25 12:10:07,514 - aqt.updater - INFO - updater 18648 Patching 6.7.2\mingw_64\lib\Qt6PrintSupport.prl
2025-12-25 12:10:07,524 - aqt.updater - INFO - updater 18648 Patching 6.7.2\mingw_64\lib\Qt6Qml.prl
2025-12-25 12:10:07,533 - aqt.updater - INFO - updater 18648 Patching 6.7.2\mingw_64\lib\Qt6QmlBuiltins.prl
2025-12-25 12:10:07,542 - aqt.updater - INFO - updater 18648 Patching 6.7.2\mingw_64\lib\Qt6QmlCompiler.prl
2025-12-25 12:10:07,553 - aqt.updater - INFO - updater 18648 Patching 6.7.2\mingw_64\lib\Qt6QmlCore.prl
2025-12-25 12:10:07,561 - aqt.updater - INFO - updater 18648 Patching 6.7.2\mingw_64\lib\Qt6QmlDebug.prl
2025-12-25 12:10:07,573 - aqt.updater - INFO - updater 18648 Patching 6.7.2\mingw_64\lib\Qt6QmlDom.prl
2025-12-25 12:10:07,582 - aqt.updater - INFO - updater 18648 Patching 6.7.2\mingw_64\lib\Qt6QmlLocalStorage.prl
2025-12-25 12:10:07,592 - aqt.updater - INFO - updater 18648 Patching 6.7.2\mingw_64\lib\Qt6QmlLS.prl
2025-12-25 12:10:07,603 - aqt.updater - INFO - updater 18648 Patching 6.7.2\mingw_64\lib\Qt6QmlModels.prl
2025-12-25 12:10:07,612 - aqt.updater - INFO - updater 18648 Patching 6.7.2\mingw_64\lib\Qt6QmlNetwork.prl
2025-12-25 12:10:07,622 - aqt.updater - INFO - updater 18648 Patching 6.7.2\mingw_64\lib\Qt6QmlToolingSettings.prl
2025-12-25 12:10:07,631 - aqt.updater - INFO - updater 18648 Patching 6.7.2\mingw_64\lib\Qt6QmlTypeRegistrar.prl
2025-12-25 12:10:07,643 - aqt.updater - INFO - updater 18648 Patching 6.7.2\mingw_64\lib\Qt6QmlWorkerScript.prl
2025-12-25 12:10:07,651 - aqt.updater - INFO - updater 18648 Patching 6.7.2\mingw_64\lib\Qt6QmlXmlListModel.prl
2025-12-25 12:10:07,660 - aqt.updater - INFO - updater 18648 Patching 6.7.2\mingw_64\lib\Qt6Quick.prl
2025-12-25 12:10:07,669 - aqt.updater - INFO - updater 18648 Patching 6.7.2\mingw_64\lib\Qt6QuickControls2.prl
2025-12-25 12:10:07,679 - aqt.updater - INFO - updater 18648 Patching 6.7.2\mingw_64\lib\Qt6QuickControls2Basic.prl
2025-12-25 12:10:07,689 - aqt.updater - INFO - updater 18648 Patching 6.7.2\mingw_64\lib\Qt6QuickControls2BasicStyleImpl.prl
2025-12-25 12:10:07,698 - aqt.updater - INFO - updater 18648 Patching 6.7.2\mingw_64\lib\Qt6QuickControls2Fusion.prl
2025-12-25 12:10:07,709 - aqt.updater - INFO - updater 18648 Patching 6.7.2\mingw_64\lib\Qt6QuickControls2FusionStyleImpl.prl
2025-12-25 12:10:07,722 - aqt.updater - INFO - updater 18648 Patching 6.7.2\mingw_64\lib\Qt6QuickControls2Imagine.prl
2025-12-25 12:10:07,730 - aqt.updater - INFO - updater 18648 Patching 6.7.2\mingw_64\lib\Qt6QuickControls2ImagineStyleImpl.prl
2025-12-25 12:10:07,741 - aqt.updater - INFO - updater 18648 Patching 6.7.2\mingw_64\lib\Qt6QuickControls2Impl.prl
2025-12-25 12:10:07,751 - aqt.updater - INFO - updater 18648 Patching 6.7.2\mingw_64\lib\Qt6QuickControls2Material.prl
2025-12-25 12:10:07,760 - aqt.updater - INFO - updater 18648 Patching 6.7.2\mingw_64\lib\Qt6QuickControls2MaterialStyleImpl.prl
2025-12-25 12:10:07,772 - aqt.updater - INFO - updater 18648 Patching 6.7.2\mingw_64\lib\Qt6QuickControls2Universal.prl
2025-12-25 12:10:07,780 - aqt.updater - INFO - updater 18648 Patching 6.7.2\mingw_64\lib\Qt6QuickControls2UniversalStyleImpl.prl
2025-12-25 12:10:07,792 - aqt.updater - INFO - updater 18648 Patching 6.7.2\mingw_64\lib\Qt6QuickControls2WindowsStyleImpl.prl
2025-12-25 12:10:07,802 - aqt.updater - INFO - updater 18648 Patching 6.7.2\mingw_64\lib\Qt6QuickControlsTestUtils.prl
2025-12-25 12:10:07,813 - aqt.updater - INFO - updater 18648 Patching 6.7.2\mingw_64\lib\Qt6QuickDialogs2.prl
2025-12-25 12:10:07,826 - aqt.updater - INFO - updater 18648 Patching 6.7.2\mingw_64\lib\Qt6QuickDialogs2QuickImpl.prl
2025-12-25 12:10:07,839 - aqt.updater - INFO - updater 18648 Patching 6.7.2\mingw_64\lib\Qt6QuickDialogs2Utils.prl
2025-12-25 12:10:07,848 - aqt.updater - INFO - updater 18648 Patching 6.7.2\mingw_64\lib\Qt6QuickEffects.prl
2025-12-25 12:10:07,861 - aqt.updater - INFO - updater 18648 Patching 6.7.2\mingw_64\lib\Qt6QuickLayouts.prl
2025-12-25 12:10:07,872 - aqt.updater - INFO - updater 18648 Patching 6.7.2\mingw_64\lib\Qt6QuickParticles.prl
2025-12-25 12:10:07,882 - aqt.updater - INFO - updater 18648 Patching 6.7.2\mingw_64\lib\Qt6QuickShapes.prl
2025-12-25 12:10:07,893 - aqt.updater - INFO - updater 18648 Patching 6.7.2\mingw_64\lib\Qt6QuickTemplates2.prl
2025-12-25 12:10:07,909 - aqt.updater - INFO - updater 18648 Patching 6.7.2\mingw_64\lib\Qt6QuickTest.prl
2025-12-25 12:10:07,923 - aqt.updater - INFO - updater 18648 Patching 6.7.2\mingw_64\lib\Qt6QuickTestUtils.prl
2025-12-25 12:10:07,937 - aqt.updater - INFO - updater 18648 Patching 6.7.2\mingw_64\lib\Qt6QuickWidgets.prl
2025-12-25 12:10:07,949 - aqt.updater - INFO - updater 18648 Patching 6.7.2\mingw_64\lib\Qt6Sql.prl
2025-12-25 12:10:07,963 - aqt.updater - INFO - updater 18648 Patching 6.7.2\mingw_64\lib\Qt6Svg.prl
2025-12-25 12:10:07,975 - aqt.updater - INFO - updater 18648 Patching 6.7.2\mingw_64\lib\Qt6SvgWidgets.prl
2025-12-25 12:10:07,983 - aqt.updater - INFO - updater 18648 Patching 6.7.2\mingw_64\lib\Qt6Test.prl
2025-12-25 12:10:07,994 - aqt.updater - INFO - updater 18648 Patching 6.7.2\mingw_64\lib\Qt6UiTools.prl
2025-12-25 12:10:08,005 - aqt.updater - INFO - updater 18648 Patching 6.7.2\mingw_64\lib\Qt6Widgets.prl
2025-12-25 12:10:08,018 - aqt.updater - INFO - updater 18648 Patching 6.7.2\mingw_64\lib\Qt6Xml.prl
2025-12-25 12:10:08,031 - aqt.main - INFO - installer 18648 Finished installation
2025-12-25 12:10:08,032 - aqt.main - INFO - installer 18648 Time elapsed: 38.35497010 second
2025-12-25 12:10:20,504 - aqt.main - INFO - installer 2452 aqtinstall(aqt) v3.3.0 on Python 3.13.7 [CPython MSC v.1944 64 bit (AMD64)]
2025-12-25 12:10:20,505 - aqt.helper - DEBUG - helper 2452 Attempt to download checksum at https://download.qt.io/online/qtsdkrepository/windows_x86/desktop/qt6_672/Updates.xml.sha256
2025-12-25 12:10:24,165 - aqt.helper - DEBUG - helper 6260 Attempt to download checksum at https://download.qt.io/online/qtsdkrepository/windows_x86/desktop/qt6_672/qt.qt6.672.addons.qtscxml.win64_mingw/6.7.2-0-202406110335qtscxml-Windows-Windows_10_22H2-Mingw-Windows-Windows_10_22H2-X86_64.7z.sha256
2025-12-25 12:10:24,190 - aqt.helper - DEBUG - helper 15124 Attempt to download checksum at https://download.qt.io/online/qtsdkrepository/windows_x86/desktop/qt6_672/qt.qt6.672.win64_mingw/6.7.2-0-202406110335qtbase-Windows-Windows_10_22H2-Mingw-Windows-Windows_10_22H2-X86_64.7z.sha256
2025-12-25 12:10:24,194 - aqt.helper - DEBUG - helper 3932 Attempt to download checksum at https://download.qt.io/online/qtsdkrepository/windows_x86/desktop/qt6_672/qt.qt6.672.win64_mingw/6.7.2-0-202406110335qtsvg-Windows-Windows_10_22H2-Mingw-Windows-Windows_10_22H2-X86_64.7z.sha256
2025-12-25 12:10:24,197 - aqt.helper - DEBUG - helper 6344 Attempt to download checksum at https://download.qt.io/online/qtsdkrepository/windows_x86/desktop/qt6_672/qt.qt6.672.win64_mingw/6.7.2-0-202406110335qtdeclarative-Windows-Windows_10_22H2-Mingw-Windows-Windows_10_22H2-X86_64.7z.sha256
2025-12-25 12:10:25,574 - aqt.helper - INFO - helper 6260 Downloading qtscxml...
2025-12-25 12:10:25,575 - aqt.installer - DEBUG - installer 6260 Download URL: https://download.qt.io/online/qtsdkrepository/windows_x86/desktop/qt6_672/qt.qt6.672.addons.qtscxml.win64_mingw/6.7.2-0-202406110335qtscxml-Windows-Windows_10_22H2-Mingw-Windows-Windows_10_22H2-X86_64.7z
2025-12-25 12:10:25,673 - aqt.helper - INFO - helper 3932 Downloading qtsvg...
2025-12-25 12:10:25,674 - aqt.installer - DEBUG - installer 3932 Download URL: https://download.qt.io/online/qtsdkrepository/windows_x86/desktop/qt6_672/qt.qt6.672.win64_mingw/6.7.2-0-202406110335qtsvg-Windows-Windows_10_22H2-Mingw-Windows-Windows_10_22H2-X86_64.7z
2025-12-25 12:10:25,735 - aqt.helper - INFO - helper 6344 Downloading qtdeclarative...
2025-12-25 12:10:25,736 - aqt.helper - INFO - helper 15124 Downloading qtbase...
2025-12-25 12:10:25,736 - aqt.installer - DEBUG - installer 6344 Download URL: https://download.qt.io/online/qtsdkrepository/windows_x86/desktop/qt6_672/qt.qt6.672.win64_mingw/6.7.2-0-202406110335qtdeclarative-Windows-Windows_10_22H2-Mingw-Windows-Windows_10_22H2-X86_64.7z
2025-12-25 12:10:25,736 - aqt.installer - DEBUG - installer 15124 Download URL: https://download.qt.io/online/qtsdkrepository/windows_x86/desktop/qt6_672/qt.qt6.672.win64_mingw/6.7.2-0-202406110335qtbase-Windows-Windows_10_22H2-Mingw-Windows-Windows_10_22H2-X86_64.7z
2025-12-25 12:10:26,789 - aqt.helper - DEBUG - helper 6260 Asked to redirect(302) to: https://mirror.ossplanet.net/qtproject/online/qtsdkrepository/windows_x86/desktop/qt6_672/qt.qt6.672.addons.qtscxml.win64_mingw/6.7.2-0-202406110335qtscxml-Windows-Windows_10_22H2-Mingw-Windows-Windows_10_22H2-X86_64.7z
2025-12-25 12:10:26,789 - aqt.helper - INFO - helper 6260 Redirected: mirror.ossplanet.net
2025-12-25 12:10:27,094 - aqt.helper - DEBUG - helper 3932 Asked to redirect(302) to: https://mirror.ossplanet.net/qtproject/online/qtsdkrepository/windows_x86/desktop/qt6_672/qt.qt6.672.win64_mingw/6.7.2-0-202406110335qtsvg-Windows-Windows_10_22H2-Mingw-Windows-Windows_10_22H2-X86_64.7z
2025-12-25 12:10:27,094 - aqt.helper - INFO - helper 3932 Redirected: mirror.ossplanet.net
2025-12-25 12:10:27,100 - aqt.helper - DEBUG - helper 6344 Asked to redirect(302) to: https://mirror.ossplanet.net/qtproject/online/qtsdkrepository/windows_x86/desktop/qt6_672/qt.qt6.672.win64_mingw/6.7.2-0-202406110335qtdeclarative-Windows-Windows_10_22H2-Mingw-Windows-Windows_10_22H2-X86_64.7z
2025-12-25 12:10:27,100 - aqt.helper - INFO - helper 6344 Redirected: mirror.ossplanet.net
2025-12-25 12:10:27,131 - aqt.helper - DEBUG - helper 15124 Asked to redirect(302) to: https://mirror.ossplanet.net/qtproject/online/qtsdkrepository/windows_x86/desktop/qt6_672/qt.qt6.672.win64_mingw/6.7.2-0-202406110335qtbase-Windows-Windows_10_22H2-Mingw-Windows-Windows_10_22H2-X86_64.7z
2025-12-25 12:10:27,131 - aqt.helper - INFO - helper 15124 Redirected: mirror.ossplanet.net
2025-12-25 12:10:28,335 - aqt.installer - INFO - installer 3932 Finished installation of qtsvg-Windows-Windows_10_22H2-Mingw-Windows-Windows_10_22H2-X86_64.7z in 4.14868620
2025-12-25 12:10:28,349 - aqt.helper - DEBUG - helper 3932 Attempt to download checksum at https://download.qt.io/online/qtsdkrepository/windows_x86/desktop/qt6_672/qt.qt6.672.win64_mingw/6.7.2-0-202406110335qttools-Windows-Windows_10_22H2-Mingw-Windows-Windows_10_22H2-X86_64.7z.sha256
2025-12-25 12:10:28,564 - aqt.installer - INFO - installer 6260 Finished installation of qtscxml-Windows-Windows_10_22H2-Mingw-Windows-Windows_10_22H2-X86_64.7z in 4.40654530
2025-12-25 12:10:28,579 - aqt.helper - DEBUG - helper 6260 Attempt to download checksum at https://download.qt.io/online/qtsdkrepository/windows_x86/desktop/qt6_672/qt.qt6.672.win64_mingw/6.7.2-0-202406110335qttranslations-Windows-Windows_10_22H2-Mingw-Windows-Windows_10_22H2-X86_64.7z.sha256
2025-12-25 12:10:29,778 - aqt.helper - INFO - helper 3932 Downloading qttools...
2025-12-25 12:10:29,778 - aqt.installer - DEBUG - installer 3932 Download URL: https://download.qt.io/online/qtsdkrepository/windows_x86/desktop/qt6_672/qt.qt6.672.win64_mingw/6.7.2-0-202406110335qttools-Windows-Windows_10_22H2-Mingw-Windows-Windows_10_22H2-X86_64.7z
2025-12-25 12:10:29,848 - aqt.helper - INFO - helper 6260 Downloading qttranslations...
2025-12-25 12:10:29,848 - aqt.installer - DEBUG - installer 6260 Download URL: https://download.qt.io/online/qtsdkrepository/windows_x86/desktop/qt6_672/qt.qt6.672.win64_mingw/6.7.2-0-202406110335qttranslations-Windows-Windows_10_22H2-Mingw-Windows-Windows_10_22H2-X86_64.7z
2025-12-25 12:10:31,120 - aqt.helper - DEBUG - helper 3932 Asked to redirect(302) to: https://mirror.ossplanet.net/qtproject/online/qtsdkrepository/windows_x86/desktop/qt6_672/qt.qt6.672.win64_mingw/6.7.2-0-202406110335qttools-Windows-Windows_10_22H2-Mingw-Windows-Windows_10_22H2-X86_64.7z
2025-12-25 12:10:31,120 - aqt.helper - INFO - helper 3932 Redirected: mirror.ossplanet.net
2025-12-25 12:10:31,147 - aqt.helper - DEBUG - helper 6260 Asked to redirect(302) to: https://mirror.ossplanet.net/qtproject/online/qtsdkrepository/windows_x86/desktop/qt6_672/qt.qt6.672.win64_mingw/6.7.2-0-202406110335qttranslations-Windows-Windows_10_22H2-Mingw-Windows-Windows_10_22H2-X86_64.7z
2025-12-25 12:10:31,147 - aqt.helper - INFO - helper 6260 Redirected: mirror.ossplanet.net
2025-12-25 12:10:36,282 - aqt.installer - INFO - installer 6260 Finished installation of qttranslations-Windows-Windows_10_22H2-Mingw-Windows-Windows_10_22H2-X86_64.7z in 7.70660570
2025-12-25 12:10:36,309 - aqt.helper - DEBUG - helper 6260 Attempt to download checksum at https://download.qt.io/online/qtsdkrepository/windows_x86/desktop/qt6_672/qt.qt6.672.win64_mingw/6.7.2-0-202406110335MinGW-w64-x86_64-11.2.0-release-posix-seh-rt_v9-rev1-runtime.7z.sha256
2025-12-25 12:10:38,083 - aqt.helper - INFO - helper 6260 Downloading MinGW...
2025-12-25 12:10:38,112 - aqt.installer - DEBUG - installer 6260 Download URL: https://download.qt.io/online/qtsdkrepository/windows_x86/desktop/qt6_672/qt.qt6.672.win64_mingw/6.7.2-0-202406110335MinGW-w64-x86_64-11.2.0-release-posix-seh-rt_v9-rev1-runtime.7z
2025-12-25 12:10:39,567 - aqt.installer - INFO - installer 15124 Finished installation of qtbase-Windows-Windows_10_22H2-Mingw-Windows-Windows_10_22H2-X86_64.7z in 15.38363980
2025-12-25 12:10:39,609 - aqt.helper - DEBUG - helper 15124 Attempt to download checksum at https://download.qt.io/online/qtsdkrepository/windows_x86/desktop/qt6_672/qt.qt6.672.win64_mingw/6.7.2-0-202406110335d3dcompiler_47-x64.7z.sha256
2025-12-25 12:10:39,712 - aqt.helper - DEBUG - helper 6260 Asked to redirect(302) to: https://mirror.ossplanet.net/qtproject/online/qtsdkrepository/windows_x86/desktop/qt6_672/qt.qt6.672.win64_mingw/6.7.2-0-202406110335MinGW-w64-x86_64-11.2.0-release-posix-seh-rt_v9-rev1-runtime.7z
2025-12-25 12:10:39,712 - aqt.helper - INFO - helper 6260 Redirected: mirror.ossplanet.net
2025-12-25 12:10:41,737 - aqt.helper - INFO - helper 15124 Downloading d3dcompiler_47...
2025-12-25 12:10:41,737 - aqt.installer - DEBUG - installer 15124 Download URL: https://download.qt.io/online/qtsdkrepository/windows_x86/desktop/qt6_672/qt.qt6.672.win64_mingw/6.7.2-0-202406110335d3dcompiler_47-x64.7z
2025-12-25 12:10:42,503 - aqt.installer - INFO - installer 6260 Finished installation of MinGW-w64-x86_64-11.2.0-release-posix-seh-rt_v9-rev1-runtime.7z in 6.19972050
2025-12-25 12:10:42,525 - aqt.helper - DEBUG - helper 6260 Attempt to download checksum at https://download.qt.io/online/qtsdkrepository/windows_x86/desktop/qt6_672/qt.qt6.672.win64_mingw/6.7.2-0-202406110335opengl32sw-64-mesa_11_2_2-signed_sha256.7z.sha256
2025-12-25 12:10:42,946 - aqt.installer - INFO - installer 3932 Finished installation of qttools-Windows-Windows_10_22H2-Mingw-Windows-Windows_10_22H2-X86_64.7z in 14.60043670
2025-12-25 12:10:43,083 - aqt.helper - DEBUG - helper 15124 Asked to redirect(302) to: https://mirror.ossplanet.net/qtproject/online/qtsdkrepository/windows_x86/desktop/qt6_672/qt.qt6.672.win64_mingw/6.7.2-0-202406110335d3dcompiler_47-x64.7z
2025-12-25 12:10:43,084 - aqt.helper - INFO - helper 15124 Redirected: mirror.ossplanet.net
2025-12-25 12:10:44,019 - aqt.helper - INFO - helper 6260 Downloading opengl32sw...
2025-12-25 12:10:44,020 - aqt.installer - DEBUG - installer 6260 Download URL: https://download.qt.io/online/qtsdkrepository/windows_x86/desktop/qt6_672/qt.qt6.672.win64_mingw/6.7.2-0-202406110335opengl32sw-64-mesa_11_2_2-signed_sha256.7z
2025-12-25 12:10:45,174 - aqt.installer - INFO - installer 15124 Finished installation of d3dcompiler_47-x64.7z in 5.57177670
2025-12-25 12:10:45,470 - aqt.helper - DEBUG - helper 6260 Asked to redirect(302) to: https://mirror.ossplanet.net/qtproject/online/qtsdkrepository/windows_x86/desktop/qt6_672/qt.qt6.672.win64_mingw/6.7.2-0-202406110335opengl32sw-64-mesa_11_2_2-signed_sha256.7z
2025-12-25 12:10:45,470 - aqt.helper - INFO - helper 6260 Redirected: mirror.ossplanet.net
2025-12-25 12:10:47,897 - aqt.installer - INFO - installer 6260 Finished installation of opengl32sw-64-mesa_11_2_2-signed_sha256.7z in 5.37881370
2025-12-25 12:11:00,353 - aqt.installer - INFO - installer 6344 Finished installation of qtdeclarative-Windows-Windows_10_22H2-Mingw-Windows-Windows_10_22H2-X86_64.7z in 36.16506780
2025-12-25 12:11:02,298 - aqt.updater - INFO - updater 2452 Patching 6.7.2\mingw_64\bin\qmake.exe
2025-12-25 12:11:02,317 - aqt.updater - INFO - updater 2452 Patching 6.7.2\mingw_64\lib\pkgconfig\Qt6Concurrent.pc
2025-12-25 12:11:02,322 - aqt.updater - INFO - updater 2452 Patching 6.7.2\mingw_64\lib\pkgconfig\Qt6Core.pc
2025-12-25 12:11:02,340 - aqt.updater - INFO - updater 2452 Patching 6.7.2\mingw_64\lib\pkgconfig\Qt6DBus.pc
2025-12-25 12:11:02,349 - aqt.updater - INFO - updater 2452 Patching 6.7.2\mingw_64\lib\pkgconfig\Qt6Designer.pc
2025-12-25 12:11:02,365 - aqt.updater - INFO - updater 2452 Patching 6.7.2\mingw_64\lib\pkgconfig\Qt6Gui.pc
2025-12-25 12:11:02,392 - aqt.updater - INFO - updater 2452 Patching 6.7.2\mingw_64\lib\pkgconfig\Qt6Help.pc
2025-12-25 12:11:02,422 - aqt.updater - INFO - updater 2452 Patching 6.7.2\mingw_64\lib\pkgconfig\Qt6LabsAnimation.pc
2025-12-25 12:11:02,433 - aqt.updater - INFO - updater 2452 Patching 6.7.2\mingw_64\lib\pkgconfig\Qt6LabsFolderListModel.pc
2025-12-25 12:11:02,441 - aqt.updater - INFO - updater 2452 Patching 6.7.2\mingw_64\lib\pkgconfig\Qt6LabsQmlModels.pc
2025-12-25 12:11:02,445 - aqt.updater - INFO - updater 2452 Patching 6.7.2\mingw_64\lib\pkgconfig\Qt6LabsSettings.pc
2025-12-25 12:11:02,466 - aqt.updater - INFO - updater 2452 Patching 6.7.2\mingw_64\lib\pkgconfig\Qt6LabsSharedImage.pc
2025-12-25 12:11:02,488 - aqt.updater - INFO - updater 2452 Patching 6.7.2\mingw_64\lib\pkgconfig\Qt6LabsWavefrontMesh.pc
2025-12-25 12:11:02,494 - aqt.updater - INFO - updater 2452 Patching 6.7.2\mingw_64\lib\pkgconfig\Qt6Linguist.pc
2025-12-25 12:11:02,511 - aqt.updater - INFO - updater 2452 Patching 6.7.2\mingw_64\lib\pkgconfig\Qt6Network.pc
2025-12-25 12:11:02,521 - aqt.updater - INFO - updater 2452 Patching 6.7.2\mingw_64\lib\pkgconfig\Qt6OpenGL.pc
2025-12-25 12:11:02,548 - aqt.updater - INFO - updater 2452 Patching 6.7.2\mingw_64\lib\pkgconfig\Qt6OpenGLWidgets.pc
2025-12-25 12:11:02,563 - aqt.updater - INFO - updater 2452 Patching 6.7.2\mingw_64\lib\pkgconfig\Qt6Platform.pc
2025-12-25 12:11:02,576 - aqt.updater - INFO - updater 2452 Patching 6.7.2\mingw_64\lib\pkgconfig\Qt6PrintSupport.pc
2025-12-25 12:11:02,582 - aqt.updater - INFO - updater 2452 Patching 6.7.2\mingw_64\lib\pkgconfig\Qt6Qml.pc
2025-12-25 12:11:02,590 - aqt.updater - INFO - updater 2452 Patching 6.7.2\mingw_64\lib\pkgconfig\Qt6QmlBuiltins.pc
2025-12-25 12:11:02,594 - aqt.updater - INFO - updater 2452 Patching 6.7.2\mingw_64\lib\pkgconfig\Qt6QmlCompiler.pc
2025-12-25 12:11:02,598 - aqt.updater - INFO - updater 2452 Patching 6.7.2\mingw_64\lib\pkgconfig\Qt6QmlCore.pc
2025-12-25 12:11:02,602 - aqt.updater - INFO - updater 2452 Patching 6.7.2\mingw_64\lib\pkgconfig\Qt6QmlIntegration.pc
2025-12-25 12:11:02,605 - aqt.updater - INFO - updater 2452 Patching 6.7.2\mingw_64\lib\pkgconfig\Qt6QmlLocalStorage.pc
2025-12-25 12:11:02,607 - aqt.updater - INFO - updater 2452 Patching 6.7.2\mingw_64\lib\pkgconfig\Qt6QmlModels.pc
2025-12-25 12:11:02,625 - aqt.updater - INFO - updater 2452 Patching 6.7.2\mingw_64\lib\pkgconfig\Qt6QmlNetwork.pc
2025-12-25 12:11:02,629 - aqt.updater - INFO - updater 2452 Patching 6.7.2\mingw_64\lib\pkgconfig\Qt6QmlWorkerScript.pc
2025-12-25 12:11:02,632 - aqt.updater - INFO - updater 2452 Patching 6.7.2\mingw_64\lib\pkgconfig\Qt6QmlXmlListModel.pc
2025-12-25 12:11:02,637 - aqt.updater - INFO - updater 2452 Patching 6.7.2\mingw_64\lib\pkgconfig\Qt6Quick.pc
2025-12-25 12:11:02,642 - aqt.updater - INFO - updater 2452 Patching 6.7.2\mingw_64\lib\pkgconfig\Qt6QuickControls2.pc
2025-12-25 12:11:02,645 - aqt.updater - INFO - updater 2452 Patching 6.7.2\mingw_64\lib\pkgconfig\Qt6QuickControls2Basic.pc
2025-12-25 12:11:02,648 - aqt.updater - INFO - updater 2452 Patching 6.7.2\mingw_64\lib\pkgconfig\Qt6QuickControls2BasicStyleImpl.pc
2025-12-25 12:11:02,663 - aqt.updater - INFO - updater 2452 Patching 6.7.2\mingw_64\lib\pkgconfig\Qt6QuickControls2Fusion.pc
2025-12-25 12:11:02,681 - aqt.updater - INFO - updater 2452 Patching 6.7.2\mingw_64\lib\pkgconfig\Qt6QuickControls2FusionStyleImpl.pc
2025-12-25 12:11:02,709 - aqt.updater - INFO - updater 2452 Patching 6.7.2\mingw_64\lib\pkgconfig\Qt6QuickControls2Imagine.pc
2025-12-25 12:11:02,735 - aqt.updater - INFO - updater 2452 Patching 6.7.2\mingw_64\lib\pkgconfig\Qt6QuickControls2ImagineStyleImpl.pc
2025-12-25 12:11:02,823 - aqt.updater - INFO - updater 2452 Patching 6.7.2\mingw_64\lib\pkgconfig\Qt6QuickControls2Impl.pc
2025-12-25 12:11:02,831 - aqt.updater - INFO - updater 2452 Patching 6.7.2\mingw_64\lib\pkgconfig\Qt6QuickControls2Material.pc
2025-12-25 12:11:02,870 - aqt.updater - INFO - updater 2452 Patching 6.7.2\mingw_64\lib\pkgconfig\Qt6QuickControls2MaterialStyleImpl.pc
2025-12-25 12:11:02,878 - aqt.updater - INFO - updater 2452 Patching 6.7.2\mingw_64\lib\pkgconfig\Qt6QuickControls2Universal.pc
2025-12-25 12:11:02,886 - aqt.updater - INFO - updater 2452 Patching 6.7.2\mingw_64\lib\pkgconfig\Qt6QuickControls2UniversalStyleImpl.pc
2025-12-25 12:11:02,889 - aqt.updater - INFO - updater 2452 Patching 6.7.2\mingw_64\lib\pkgconfig\Qt6QuickControls2WindowsStyleImpl.pc
2025-12-25 12:11:02,893 - aqt.updater - INFO - updater 2452 Patching 6.7.2\mingw_64\lib\pkgconfig\Qt6QuickDialogs2.pc
2025-12-25 12:11:02,910 - aqt.updater - INFO - updater 2452 Patching 6.7.2\mingw_64\lib\pkgconfig\Qt6QuickDialogs2QuickImpl.pc
2025-12-25 12:11:02,926 - aqt.updater - INFO - updater 2452 Patching 6.7.2\mingw_64\lib\pkgconfig\Qt6QuickDialogs2Utils.pc
2025-12-25 12:11:02,954 - aqt.updater - INFO - updater 2452 Patching 6.7.2\mingw_64\lib\pkgconfig\Qt6QuickLayouts.pc
2025-12-25 12:11:02,957 - aqt.updater - INFO - updater 2452 Patching 6.7.2\mingw_64\lib\pkgconfig\Qt6QuickTemplates2.pc
2025-12-25 12:11:02,962 - aqt.updater - INFO - updater 2452 Patching 6.7.2\mingw_64\lib\pkgconfig\Qt6QuickTest.pc
2025-12-25 12:11:02,970 - aqt.updater - INFO - updater 2452 Patching 6.7.2\mingw_64\lib\pkgconfig\Qt6QuickWidgets.pc
2025-12-25 12:11:02,974 - aqt.updater - INFO - updater 2452 Patching 6.7.2\mingw_64\lib\pkgconfig\Qt6Scxml.pc
2025-12-25 12:11:03,000 - aqt.updater - INFO - updater 2452 Patching 6.7.2\mingw_64\lib\pkgconfig\Qt6ScxmlQml.pc
2025-12-25 12:11:03,031 - aqt.updater - INFO - updater 2452 Patching 6.7.2\mingw_64\lib\pkgconfig\Qt6Sql.pc
2025-12-25 12:11:03,089 - aqt.updater - INFO - updater 2452 Patching 6.7.2\mingw_64\lib\pkgconfig\Qt6StateMachine.pc
2025-12-25 12:11:03,111 - aqt.updater - INFO - updater 2452 Patching 6.7.2\mingw_64\lib\pkgconfig\Qt6StateMachineQml.pc
2025-12-25 12:11:03,195 - aqt.updater - INFO - updater 2452 Patching 6.7.2\mingw_64\lib\pkgconfig\Qt6Svg.pc
2025-12-25 12:11:03,328 - aqt.updater - INFO - updater 2452 Patching 6.7.2\mingw_64\lib\pkgconfig\Qt6SvgWidgets.pc
2025-12-25 12:11:03,346 - aqt.updater - INFO - updater 2452 Patching 6.7.2\mingw_64\lib\pkgconfig\Qt6Test.pc
2025-12-25 12:11:03,410 - aqt.updater - INFO - updater 2452 Patching 6.7.2\mingw_64\lib\pkgconfig\Qt6UiPlugin.pc
2025-12-25 12:11:03,464 - aqt.updater - INFO - updater 2452 Patching 6.7.2\mingw_64\lib\pkgconfig\Qt6UiTools.pc
2025-12-25 12:11:03,472 - aqt.updater - INFO - updater 2452 Patching 6.7.2\mingw_64\lib\pkgconfig\Qt6Widgets.pc
2025-12-25 12:11:03,478 - aqt.updater - INFO - updater 2452 Patching 6.7.2\mingw_64\lib\pkgconfig\Qt6Xml.pc
2025-12-25 12:11:03,489 - aqt.updater - INFO - updater 2452 Patching 6.7.2\mingw_64\lib\Qt6Concurrent.prl
2025-12-25 12:11:03,492 - aqt.updater - INFO - updater 2452 Patching 6.7.2\mingw_64\lib\Qt6Core.prl
2025-12-25 12:11:03,532 - aqt.updater - INFO - updater 2452 Patching 6.7.2\mingw_64\lib\Qt6DBus.prl
2025-12-25 12:11:03,541 - aqt.updater - INFO - updater 2452 Patching 6.7.2\mingw_64\lib\Qt6Designer.prl
2025-12-25 12:11:03,549 - aqt.updater - INFO - updater 2452 Patching 6.7.2\mingw_64\lib\Qt6DesignerComponents.prl
2025-12-25 12:11:03,578 - aqt.updater - INFO - updater 2452 Patching 6.7.2\mingw_64\lib\Qt6DeviceDiscoverySupport.prl
2025-12-25 12:11:03,581 - aqt.updater - INFO - updater 2452 Patching 6.7.2\mingw_64\lib\Qt6EntryPoint.prl
2025-12-25 12:11:03,585 - aqt.updater - INFO - updater 2452 Patching 6.7.2\mingw_64\lib\Qt6ExampleIcons.prl
2025-12-25 12:11:03,591 - aqt.updater - INFO - updater 2452 Patching 6.7.2\mingw_64\lib\Qt6FbSupport.prl
2025-12-25 12:11:03,593 - aqt.updater - INFO - updater 2452 Patching 6.7.2\mingw_64\lib\Qt6Gui.prl
2025-12-25 12:11:03,597 - aqt.updater - INFO - updater 2452 Patching 6.7.2\mingw_64\lib\Qt6Help.prl
2025-12-25 12:11:03,602 - aqt.updater - INFO - updater 2452 Patching 6.7.2\mingw_64\lib\Qt6LabsAnimation.prl
2025-12-25 12:11:03,609 - aqt.updater - INFO - updater 2452 Patching 6.7.2\mingw_64\lib\Qt6LabsFolderListModel.prl
2025-12-25 12:11:03,626 - aqt.updater - INFO - updater 2452 Patching 6.7.2\mingw_64\lib\Qt6LabsQmlModels.prl
2025-12-25 12:11:03,636 - aqt.updater - INFO - updater 2452 Patching 6.7.2\mingw_64\lib\Qt6LabsSettings.prl
2025-12-25 12:11:03,640 - aqt.updater - INFO - updater 2452 Patching 6.7.2\mingw_64\lib\Qt6LabsSharedImage.prl
2025-12-25 12:11:03,644 - aqt.updater - INFO - updater 2452 Patching 6.7.2\mingw_64\lib\Qt6LabsWavefrontMesh.prl
2025-12-25 12:11:03,652 - aqt.updater - INFO - updater 2452 Patching 6.7.2\mingw_64\lib\Qt6Network.prl
2025-12-25 12:11:03,661 - aqt.updater - INFO - updater 2452 Patching 6.7.2\mingw_64\lib\Qt6OpenGL.prl
2025-12-25 12:11:03,679 - aqt.updater - INFO - updater 2452 Patching 6.7.2\mingw_64\lib\Qt6OpenGLWidgets.prl
2025-12-25 12:11:03,681 - aqt.updater - INFO - updater 2452 Patching 6.7.2\mingw_64\lib\Qt6PacketProtocol.prl
2025-12-25 12:11:03,705 - aqt.updater - INFO - updater 2452 Patching 6.7.2\mingw_64\lib\Qt6PrintSupport.prl
2025-12-25 12:11:03,708 - aqt.updater - INFO - updater 2452 Patching 6.7.2\mingw_64\lib\Qt6Qml.prl
2025-12-25 12:11:03,713 - aqt.updater - INFO - updater 2452 Patching 6.7.2\mingw_64\lib\Qt6QmlBuiltins.prl
2025-12-25 12:11:03,758 - aqt.updater - INFO - updater 2452 Patching 6.7.2\mingw_64\lib\Qt6QmlCompiler.prl
2025-12-25 12:11:03,761 - aqt.updater - INFO - updater 2452 Patching 6.7.2\mingw_64\lib\Qt6QmlCore.prl
2025-12-25 12:11:03,765 - aqt.updater - INFO - updater 2452 Patching 6.7.2\mingw_64\lib\Qt6QmlDebug.prl
2025-12-25 12:11:03,777 - aqt.updater - INFO - updater 2452 Patching 6.7.2\mingw_64\lib\Qt6QmlDom.prl
2025-12-25 12:11:03,780 - aqt.updater - INFO - updater 2452 Patching 6.7.2\mingw_64\lib\Qt6QmlLocalStorage.prl
2025-12-25 12:11:03,790 - aqt.updater - INFO - updater 2452 Patching 6.7.2\mingw_64\lib\Qt6QmlLS.prl
2025-12-25 12:11:03,792 - aqt.updater - INFO - updater 2452 Patching 6.7.2\mingw_64\lib\Qt6QmlModels.prl
2025-12-25 12:11:03,795 - aqt.updater - INFO - updater 2452 Patching 6.7.2\mingw_64\lib\Qt6QmlNetwork.prl
2025-12-25 12:11:03,798 - aqt.updater - INFO - updater 2452 Patching 6.7.2\mingw_64\lib\Qt6QmlToolingSettings.prl
2025-12-25 12:11:03,804 - aqt.updater - INFO - updater 2452 Patching 6.7.2\mingw_64\lib\Qt6QmlTypeRegistrar.prl
2025-12-25 12:11:03,807 - aqt.updater - INFO - updater 2452 Patching 6.7.2\mingw_64\lib\Qt6QmlWorkerScript.prl
2025-12-25 12:11:03,813 - aqt.updater - INFO - updater 2452 Patching 6.7.2\mingw_64\lib\Qt6QmlXmlListModel.prl
2025-12-25 12:11:03,816 - aqt.updater - INFO - updater 2452 Patching 6.7.2\mingw_64\lib\Qt6Quick.prl
2025-12-25 12:11:03,821 - aqt.updater - INFO - updater 2452 Patching 6.7.2\mingw_64\lib\Qt6QuickControls2.prl
2025-12-25 12:11:03,824 - aqt.updater - INFO - updater 2452 Patching 6.7.2\mingw_64\lib\Qt6QuickControls2Basic.prl
2025-12-25 12:11:03,828 - aqt.updater - INFO - updater 2452 Patching 6.7.2\mingw_64\lib\Qt6QuickControls2BasicStyleImpl.prl
2025-12-25 12:11:03,831 - aqt.updater - INFO - updater 2452 Patching 6.7.2\mingw_64\lib\Qt6QuickControls2Fusion.prl
2025-12-25 12:11:03,834 - aqt.updater - INFO - updater 2452 Patching 6.7.2\mingw_64\lib\Qt6QuickControls2FusionStyleImpl.prl
2025-12-25 12:11:03,838 - aqt.updater - INFO - updater 2452 Patching 6.7.2\mingw_64\lib\Qt6QuickControls2Imagine.prl
2025-12-25 12:11:03,842 - aqt.updater - INFO - updater 2452 Patching 6.7.2\mingw_64\lib\Qt6QuickControls2ImagineStyleImpl.prl
2025-12-25 12:11:03,859 - aqt.updater - INFO - updater 2452 Patching 6.7.2\mingw_64\lib\Qt6QuickControls2Impl.prl
2025-12-25 12:11:03,869 - aqt.updater - INFO - updater 2452 Patching 6.7.2\mingw_64\lib\Qt6QuickControls2Material.prl
2025-12-25 12:11:03,894 - aqt.updater - INFO - updater 2452 Patching 6.7.2\mingw_64\lib\Qt6QuickControls2MaterialStyleImpl.prl
2025-12-25 12:11:03,929 - aqt.updater - INFO - updater 2452 Patching 6.7.2\mingw_64\lib\Qt6QuickControls2Universal.prl
2025-12-25 12:11:03,947 - aqt.updater - INFO - updater 2452 Patching 6.7.2\mingw_64\lib\Qt6QuickControls2UniversalStyleImpl.prl
2025-12-25 12:11:03,957 - aqt.updater - INFO - updater 2452 Patching 6.7.2\mingw_64\lib\Qt6QuickControls2WindowsStyleImpl.prl
2025-12-25 12:11:03,960 - aqt.updater - INFO - updater 2452 Patching 6.7.2\mingw_64\lib\Qt6QuickControlsTestUtils.prl
2025-12-25 12:11:03,970 - aqt.updater - INFO - updater 2452 Patching 6.7.2\mingw_64\lib\Qt6QuickDialogs2.prl
2025-12-25 12:11:03,974 - aqt.updater - INFO - updater 2452 Patching 6.7.2\mingw_64\lib\Qt6QuickDialogs2QuickImpl.prl
2025-12-25 12:11:03,977 - aqt.updater - INFO - updater 2452 Patching 6.7.2\mingw_64\lib\Qt6QuickDialogs2Utils.prl
2025-12-25 12:11:03,981 - aqt.updater - INFO - updater 2452 Patching 6.7.2\mingw_64\lib\Qt6QuickEffects.prl
2025-12-25 12:11:04,006 - aqt.updater - INFO - updater 2452 Patching 6.7.2\mingw_64\lib\Qt6QuickLayouts.prl
2025-12-25 12:11:04,015 - aqt.updater - INFO - updater 2452 Patching 6.7.2\mingw_64\lib\Qt6QuickParticles.prl
2025-12-25 12:11:04,088 - aqt.updater - INFO - updater 2452 Patching 6.7.2\mingw_64\lib\Qt6QuickShapes.prl
2025-12-25 12:11:04,092 - aqt.updater - INFO - updater 2452 Patching 6.7.2\mingw_64\lib\Qt6QuickTemplates2.prl
2025-12-25 12:11:04,095 - aqt.updater - INFO - updater 2452 Patching 6.7.2\mingw_64\lib\Qt6QuickTest.prl
2025-12-25 12:11:04,114 - aqt.updater - INFO - updater 2452 Patching 6.7.2\mingw_64\lib\Qt6QuickTestUtils.prl
2025-12-25 12:11:04,123 - aqt.updater - INFO - updater 2452 Patching 6.7.2\mingw_64\lib\Qt6QuickWidgets.prl
2025-12-25 12:11:04,176 - aqt.updater - INFO - updater 2452 Patching 6.7.2\mingw_64\lib\Qt6Scxml.prl
2025-12-25 12:11:04,203 - aqt.updater - INFO - updater 2452 Patching 6.7.2\mingw_64\lib\Qt6ScxmlQml.prl
2025-12-25 12:11:04,231 - aqt.updater - INFO - updater 2452 Patching 6.7.2\mingw_64\lib\Qt6Sql.prl
2025-12-25 12:11:04,238 - aqt.updater - INFO - updater 2452 Patching 6.7.2\mingw_64\lib\Qt6StateMachine.prl
2025-12-25 12:11:04,257 - aqt.updater - INFO - updater 2452 Patching 6.7.2\mingw_64\lib\Qt6StateMachineQml.prl
2025-12-25 12:11:04,274 - aqt.updater - INFO - updater 2452 Patching 6.7.2\mingw_64\lib\Qt6Svg.prl
2025-12-25 12:11:04,289 - aqt.updater - INFO - updater 2452 Patching 6.7.2\mingw_64\lib\Qt6SvgWidgets.prl
2025-12-25 12:11:04,319 - aqt.updater - INFO - updater 2452 Patching 6.7.2\mingw_64\lib\Qt6Test.prl
2025-12-25 12:11:04,425 - aqt.updater - INFO - updater 2452 Patching 6.7.2\mingw_64\lib\Qt6UiTools.prl
2025-12-25 12:11:04,472 - aqt.updater - INFO - updater 2452 Patching 6.7.2\mingw_64\lib\Qt6Widgets.prl
2025-12-25 12:11:04,475 - aqt.updater - INFO - updater 2452 Patching 6.7.2\mingw_64\lib\Qt6Xml.prl
2025-12-25 12:11:04,478 - aqt.main - INFO - installer 2452 Finished installation
2025-12-25 12:11:04,479 - aqt.main - INFO - installer 2452 Time elapsed: 43.97503970 second
2025-12-25 12:12:30,528 - aqt.main - INFO - installer 9340 aqtinstall(aqt) v3.3.0 on Python 3.13.7 [CPython MSC v.1944 64 bit (AMD64)]
2025-12-25 12:12:30,529 - aqt.helper - DEBUG - helper 9340 Attempt to download checksum at https://download.qt.io/online/qtsdkrepository/windows_x86/desktop/tools_mingw90/Updates.xml.sha256
2025-12-25 12:12:32,859 - aqt.helper - DEBUG - helper 9340 Attempt to download checksum at https://download.qt.io/online/qtsdkrepository/windows_x86/desktop/tools_mingw90/Updates.xml.sha256
2025-12-25 12:12:36,021 - aqt.helper - DEBUG - helper 13460 Attempt to download checksum at https://download.qt.io/online/qtsdkrepository/windows_x86/desktop/tools_mingw90/qt.tools.win64_mingw900/9.0.0-1-202203221220mingw-w64-x86_64-11.2.0-release-posix-seh-rt_v9-rev3.7z.sha256
2025-12-25 12:12:37,247 - aqt.helper - INFO - helper 13460 Downloading qt.tools.win64_mingw900...
2025-12-25 12:12:37,247 - aqt.installer - DEBUG - installer 13460 Download URL: https://download.qt.io/online/qtsdkrepository/windows_x86/desktop/tools_mingw90/qt.tools.win64_mingw900/9.0.0-1-202203221220mingw-w64-x86_64-11.2.0-release-posix-seh-rt_v9-rev3.7z
2025-12-25 12:12:38,433 - aqt.helper - DEBUG - helper 13460 Asked to redirect(302) to: https://mirror.ossplanet.net/qtproject/online/qtsdkrepository/windows_x86/desktop/tools_mingw90/qt.tools.win64_mingw900/9.0.0-1-202203221220mingw-w64-x86_64-11.2.0-release-posix-seh-rt_v9-rev3.7z
2025-12-25 12:12:38,433 - aqt.helper - INFO - helper 13460 Redirected: mirror.ossplanet.net
2025-12-25 12:13:22,677 - aqt.installer - INFO - installer 13460 Finished installation of mingw-w64-x86_64-11.2.0-release-posix-seh-rt_v9-rev3.7z in 46.66355720
2025-12-25 12:13:22,862 - aqt.main - INFO - installer 9340 Finished installation
2025-12-25 12:13:22,863 - aqt.main - INFO - installer 9340 Time elapsed: 52.33450860 second
